// Jest Snapshot v1, https://goo.gl/fbAQLP

exports[`UserPage snapshot 1`] = `
<div>
  <div
    class="user-page"
  >
    <div
      class="user-data"
    >
      <div
        class="text-right"
      >
        <button
          class="btn btn-primary"
        >
          Edit
        </button>
      </div>
      <table
        class="table table-striped table-borderless text-left "
      >
        <tbody>
          <tr>
            <th
              colspan="4"
            >
              <h3>
                General Info
              </h3>
            </th>
          </tr>
          <tr>
            <th
              colspan="2"
            >
              First Name
            </th>
            <td
              colspan="2"
            >
              Tom
            </td>
          </tr>
          <tr>
            <th
              colspan="2"
            >
              Last Name
            </th>
            <td
              colspan="2"
            >
              Smith
            </td>
          </tr>
          <tr>
            <th
              colspan="2"
            >
              Email
            </th>
            <td
              colspan="2"
            >
              tom@smith.com
            </td>
          </tr>
          <tr>
            <th
              colspan="2"
            >
              Age
            </th>
            <td
              colspan="2"
            >
              27
            </td>
          </tr>
          <tr>
            <th
              colspan="4"
            >
              <h3>
                Address
              </h3>
            </th>
          </tr>
          <tr>
            <th>
              Street
            </th>
            <td
              colspan="3"
            >
              Some Street 35
            </td>
          </tr>
          <tr>
            <th>
              City
            </th>
            <td>
              Los Angeles
            </td>
            <th>
              Province / State
            </th>
            <td>
              California
            </td>
          </tr>
          <tr>
            <th>
              Zip Code
            </th>
            <td>
              90210
            </td>
            <th>
              Country
            </th>
            <td>
              USA
            </td>
          </tr>
          <tr>
            <th
              colspan="4"
            >
              <h3>
                Hobbies
              </h3>
            </th>
          </tr>
          <tr>
            <td>
               
            </td>
            <td>
               
            </td>
            <td>
               
            </td>
          </tr>
        </tbody>
      </table>
    </div>
  </div>
</div>
`;
